
> myapp@0.0.0 build
> vue-tsc -b && vite build

src/pages/ProductDetailsPage.vue(240,46): error TS6133: 'watch' is declared but its value is never read.
src/pages/ProductDetailsPage.vue(279,30): error TS6133: 'vendorLoading' is declared but its value is never read.
src/pages/ProductDetailsPage.vue(339,17): error TS2322: Type 'string | undefined' is not assignable to type 'string'.
  Type 'undefined' is not assignable to type 'string'.
src/pages/ProductDetailsPage.vue(353,17): error TS2322: Type 'string | undefined' is not assignable to type 'string'.
  Type 'undefined' is not assignable to type 'string'.
src/pages/ProfilePage.vue(117,62): error TS2339: Property 'createdAt' does not exist on type '{ uid: string; email?: string | undefined; displayName?: string | undefined; phoneNumber?: string | undefined; username?: string | undefined; photoURL?: string | undefined; addresses?: { ...; }[] | undefined; roles: string[]; vendorProfile?: { ...; } | undefined; deliveryProfile?: { ...; } | undefined; managerProfil...'.
src/pages/ProfilePage.vue(117,95): error TS2339: Property 'createdAt' does not exist on type '{ uid: string; email?: string | undefined; displayName?: string | undefined; phoneNumber?: string | undefined; username?: string | undefined; photoURL?: string | undefined; addresses?: { ...; }[] | undefined; roles: string[]; vendorProfile?: { ...; } | undefined; deliveryProfile?: { ...; } | undefined; managerProfil...'.
src/pages/ProfilePage.vue(129,51): error TS2532: Object is possibly 'undefined'.
src/pages/ProfilePage.vue(130,50): error TS2532: Object is possibly 'undefined'.
src/pages/ProfilePage.vue(132,88): error TS2532: Object is possibly 'undefined'.
src/vendor_pages/EditProductPage.ts(42,40): error TS2345: Argument of type '{ readonly lastModified: number; readonly name: string; readonly webkitRelativePath: string; readonly size: number; readonly type: string; arrayBuffer: () => Promise<ArrayBuffer>; bytes: () => Promise<...>; slice: (start?: number | undefined, end?: number | undefined, contentType?: string | undefined) => Blob; strea...' is not assignable to parameter of type 'Blob | MediaSource'.
  Type 'undefined' is not assignable to type 'Blob | MediaSource'.
src/vendor_pages/EditProductPage.ts(59,41): error TS2339: Property 'name' does not exist on type '{ id: string; }'.
src/vendor_pages/EditProductPage.ts(60,48): error TS2339: Property 'description' does not exist on type '{ id: string; }'.
src/vendor_pages/EditProductPage.ts(61,45): error TS2339: Property 'category' does not exist on type '{ id: string; }'.
src/vendor_pages/EditProductPage.ts(62,42): error TS2339: Property 'price' does not exist on type '{ id: string; }'.
src/vendor_pages/EditProductPage.ts(63,49): error TS2339: Property 'comparePrice' does not exist on type '{ id: string; }'.
src/vendor_pages/EditProductPage.ts(63,72): error TS2339: Property 'comparePrice' does not exist on type '{ id: string; }'.
src/vendor_pages/EditProductPage.ts(64,42): error TS2339: Property 'stock' does not exist on type '{ id: string; }'.
src/vendor_pages/EditProductPage.ts(65,40): error TS2339: Property 'sku' does not exist on type '{ id: string; }'.
src/vendor_pages/EditProductPage.ts(66,48): error TS2339: Property 'images' does not exist on type '{ id: string; }'.
